<!doctype html public "-//w3c//dtd html 4.0 transitional//en">
<html><head>
<title>Static Call Graph - [.\Objects\ChipVerification.axf]</title></head>
<body><HR>
<H1>Static Call Graph for image .\Objects\ChipVerification.axf</H1><HR>
<BR><P>#&#060CALLGRAPH&#062# ARM Linker, 6180002: Last Updated: Mon Jul 10 10:03:45 2023
<BR><P>
<H3>Maximum Stack Usage =        420 bytes + Unknown(Cycles, Untraceable Function Pointers)</H3><H3>
Call chain for Maximum Stack Depth:</H3>
main &rArr; check_data &rArr; AES_ECB_encrypt
<P>
<H3>
Mutually Recursive functions
</H3> <LI><a href="#[1]">NMI_Handler</a>&nbsp;&nbsp;&nbsp;&rArr;&nbsp;&nbsp;&nbsp;<a href="#[1]">NMI_Handler</a><BR>
 <LI><a href="#[2]">HardFault_Handler</a>&nbsp;&nbsp;&nbsp;&rArr;&nbsp;&nbsp;&nbsp;<a href="#[2]">HardFault_Handler</a><BR>
 <LI><a href="#[3]">SVC_Handler</a>&nbsp;&nbsp;&nbsp;&rArr;&nbsp;&nbsp;&nbsp;<a href="#[3]">SVC_Handler</a><BR>
 <LI><a href="#[4]">PendSV_Handler</a>&nbsp;&nbsp;&nbsp;&rArr;&nbsp;&nbsp;&nbsp;<a href="#[4]">PendSV_Handler</a><BR>
 <LI><a href="#[5]">SysTick_Handler</a>&nbsp;&nbsp;&nbsp;&rArr;&nbsp;&nbsp;&nbsp;<a href="#[5]">SysTick_Handler</a><BR>
 <LI><a href="#[11]">ADC1_IRQHandler</a>&nbsp;&nbsp;&nbsp;&rArr;&nbsp;&nbsp;&nbsp;<a href="#[11]">ADC1_IRQHandler</a><BR>
</UL>
<P>
<H3>
Function Pointers
</H3><UL>
 <LI><a href="#[11]">ADC1_IRQHandler</a> from startup_ft32f072xb.o(.text) referenced from startup_ft32f072xb.o(RESET)
 <LI><a href="#[20]">DIV_IRQHandler</a> from startup_ft32f072xb.o(.text) referenced from startup_ft32f072xb.o(RESET)
 <LI><a href="#[e]">DMA1_Channel1_IRQHandler</a> from startup_ft32f072xb.o(.text) referenced from startup_ft32f072xb.o(RESET)
 <LI><a href="#[f]">DMA1_Channel2_3_IRQHandler</a> from startup_ft32f072xb.o(.text) referenced from startup_ft32f072xb.o(RESET)
 <LI><a href="#[10]">DMA1_Channel4_5_IRQHandler</a> from startup_ft32f072xb.o(.text) referenced from startup_ft32f072xb.o(RESET)
 <LI><a href="#[b]">EXTI0_1_IRQHandler</a> from startup_ft32f072xb.o(.text) referenced from startup_ft32f072xb.o(RESET)
 <LI><a href="#[c]">EXTI2_3_IRQHandler</a> from startup_ft32f072xb.o(.text) referenced from startup_ft32f072xb.o(RESET)
 <LI><a href="#[d]">EXTI4_15_IRQHandler</a> from startup_ft32f072xb.o(.text) referenced from startup_ft32f072xb.o(RESET)
 <LI><a href="#[9]">FLASH_IRQHandler</a> from startup_ft32f072xb.o(.text) referenced from startup_ft32f072xb.o(RESET)
 <LI><a href="#[2]">HardFault_Handler</a> from startup_ft32f072xb.o(.text) referenced from startup_ft32f072xb.o(RESET)
 <LI><a href="#[1a]">I2C1_IRQHandler</a> from startup_ft32f072xb.o(.text) referenced from startup_ft32f072xb.o(RESET)
 <LI><a href="#[1b]">I2C2_IRQHandler</a> from startup_ft32f072xb.o(.text) referenced from startup_ft32f072xb.o(RESET)
 <LI><a href="#[1]">NMI_Handler</a> from startup_ft32f072xb.o(.text) referenced from startup_ft32f072xb.o(RESET)
 <LI><a href="#[7]">PVD_VDDIO_IRQHandler</a> from startup_ft32f072xb.o(.text) referenced from startup_ft32f072xb.o(RESET)
 <LI><a href="#[4]">PendSV_Handler</a> from startup_ft32f072xb.o(.text) referenced from startup_ft32f072xb.o(RESET)
 <LI><a href="#[a]">RCC_IRQHandler</a> from startup_ft32f072xb.o(.text) referenced from startup_ft32f072xb.o(RESET)
 <LI><a href="#[8]">RTC_IRQHandler</a> from startup_ft32f072xb.o(.text) referenced from startup_ft32f072xb.o(RESET)
 <LI><a href="#[0]">Reset_Handler</a> from startup_ft32f072xb.o(.text) referenced from startup_ft32f072xb.o(RESET)
 <LI><a href="#[1c]">SPI1_IRQHandler</a> from startup_ft32f072xb.o(.text) referenced from startup_ft32f072xb.o(RESET)
 <LI><a href="#[1d]">SPI2_IRQHandler</a> from startup_ft32f072xb.o(.text) referenced from startup_ft32f072xb.o(RESET)
 <LI><a href="#[3]">SVC_Handler</a> from startup_ft32f072xb.o(.text) referenced from startup_ft32f072xb.o(RESET)
 <LI><a href="#[5]">SysTick_Handler</a> from startup_ft32f072xb.o(.text) referenced from startup_ft32f072xb.o(RESET)
 <LI><a href="#[23]">SystemInit</a> from system_ft32f0xx.o(.text.SystemInit) referenced from startup_ft32f072xb.o(.text)
 <LI><a href="#[16]">TIM14_IRQHandler</a> from startup_ft32f072xb.o(.text) referenced from startup_ft32f072xb.o(RESET)
 <LI><a href="#[17]">TIM15_IRQHandler</a> from startup_ft32f072xb.o(.text) referenced from startup_ft32f072xb.o(RESET)
 <LI><a href="#[18]">TIM16_IRQHandler</a> from startup_ft32f072xb.o(.text) referenced from startup_ft32f072xb.o(RESET)
 <LI><a href="#[19]">TIM17_IRQHandler</a> from startup_ft32f072xb.o(.text) referenced from startup_ft32f072xb.o(RESET)
 <LI><a href="#[12]">TIM1_BRK_UP_TRG_COM_IRQHandler</a> from startup_ft32f072xb.o(.text) referenced from startup_ft32f072xb.o(RESET)
 <LI><a href="#[13]">TIM1_CC_IRQHandler</a> from startup_ft32f072xb.o(.text) referenced from startup_ft32f072xb.o(RESET)
 <LI><a href="#[14]">TIM3_IRQHandler</a> from startup_ft32f072xb.o(.text) referenced from startup_ft32f072xb.o(RESET)
 <LI><a href="#[15]">TIM6_IRQHandler</a> from startup_ft32f072xb.o(.text) referenced from startup_ft32f072xb.o(RESET)
 <LI><a href="#[1e]">USART1_IRQHandler</a> from startup_ft32f072xb.o(.text) referenced from startup_ft32f072xb.o(RESET)
 <LI><a href="#[1f]">USART2_IRQHandler</a> from startup_ft32f072xb.o(.text) referenced from startup_ft32f072xb.o(RESET)
 <LI><a href="#[21]">USB_IRQHandler</a> from startup_ft32f072xb.o(.text) referenced from startup_ft32f072xb.o(RESET)
 <LI><a href="#[6]">WWDG_IRQHandler</a> from startup_ft32f072xb.o(.text) referenced from startup_ft32f072xb.o(RESET)
 <LI><a href="#[24]">__main</a> from entry.o(.ARM.Collect$$$$00000000) referenced from startup_ft32f072xb.o(.text)
 <LI><a href="#[22]">main</a> from main.o(.text.main) referenced from entry9a.o(.ARM.Collect$$$$0000000B)
</UL>
<P>
<H3>
Global Symbols
</H3>
<P><STRONG><a name="[24]"></a>__main</STRONG> (Thumb, 0 bytes, Stack size unknown bytes, entry.o(.ARM.Collect$$$$00000000))
<BR>[Address Reference Count : 1]<UL><LI> startup_ft32f072xb.o(.text)
</UL>
<P><STRONG><a name="[31]"></a>_main_stk</STRONG> (Thumb, 0 bytes, Stack size unknown bytes, entry2.o(.ARM.Collect$$$$00000001))

<P><STRONG><a name="[25]"></a>_main_scatterload</STRONG> (Thumb, 0 bytes, Stack size unknown bytes, entry5.o(.ARM.Collect$$$$00000004))
<BR><BR>[Calls]<UL><LI><a href="#[26]">&gt;&gt;</a>&nbsp;&nbsp;&nbsp;__scatterload
</UL>

<P><STRONG><a name="[27]"></a>__main_after_scatterload</STRONG> (Thumb, 0 bytes, Stack size unknown bytes, entry5.o(.ARM.Collect$$$$00000004))
<BR><BR>[Called By]<UL><LI><a href="#[26]">&gt;&gt;</a>&nbsp;&nbsp;&nbsp;__scatterload
</UL>

<P><STRONG><a name="[32]"></a>_main_clock</STRONG> (Thumb, 0 bytes, Stack size unknown bytes, entry7b.o(.ARM.Collect$$$$00000008))

<P><STRONG><a name="[33]"></a>_main_cpp_init</STRONG> (Thumb, 0 bytes, Stack size unknown bytes, entry8b.o(.ARM.Collect$$$$0000000A))

<P><STRONG><a name="[34]"></a>_main_init</STRONG> (Thumb, 0 bytes, Stack size unknown bytes, entry9a.o(.ARM.Collect$$$$0000000B))

<P><STRONG><a name="[35]"></a>__rt_final_cpp</STRONG> (Thumb, 0 bytes, Stack size unknown bytes, entry10a.o(.ARM.Collect$$$$0000000D))

<P><STRONG><a name="[36]"></a>__rt_final_exit</STRONG> (Thumb, 0 bytes, Stack size unknown bytes, entry11a.o(.ARM.Collect$$$$0000000F))

<P><STRONG><a name="[0]"></a>Reset_Handler</STRONG> (Thumb, 38 bytes, Stack size 0 bytes, startup_ft32f072xb.o(.text))
<BR>[Address Reference Count : 1]<UL><LI> startup_ft32f072xb.o(RESET)
</UL>
<P><STRONG><a name="[1]"></a>NMI_Handler</STRONG> (Thumb, 2 bytes, Stack size 0 bytes, startup_ft32f072xb.o(.text))
<BR><BR>[Calls]<UL><LI><a href="#[1]">&gt;&gt;</a>&nbsp;&nbsp;&nbsp;NMI_Handler
</UL>
<BR>[Called By]<UL><LI><a href="#[1]">&gt;&gt;</a>&nbsp;&nbsp;&nbsp;NMI_Handler
</UL>
<BR>[Address Reference Count : 1]<UL><LI> startup_ft32f072xb.o(RESET)
</UL>
<P><STRONG><a name="[2]"></a>HardFault_Handler</STRONG> (Thumb, 2 bytes, Stack size 0 bytes, startup_ft32f072xb.o(.text))
<BR><BR>[Calls]<UL><LI><a href="#[2]">&gt;&gt;</a>&nbsp;&nbsp;&nbsp;HardFault_Handler
</UL>
<BR>[Called By]<UL><LI><a href="#[2]">&gt;&gt;</a>&nbsp;&nbsp;&nbsp;HardFault_Handler
</UL>
<BR>[Address Reference Count : 1]<UL><LI> startup_ft32f072xb.o(RESET)
</UL>
<P><STRONG><a name="[3]"></a>SVC_Handler</STRONG> (Thumb, 2 bytes, Stack size 0 bytes, startup_ft32f072xb.o(.text))
<BR><BR>[Calls]<UL><LI><a href="#[3]">&gt;&gt;</a>&nbsp;&nbsp;&nbsp;SVC_Handler
</UL>
<BR>[Called By]<UL><LI><a href="#[3]">&gt;&gt;</a>&nbsp;&nbsp;&nbsp;SVC_Handler
</UL>
<BR>[Address Reference Count : 1]<UL><LI> startup_ft32f072xb.o(RESET)
</UL>
<P><STRONG><a name="[4]"></a>PendSV_Handler</STRONG> (Thumb, 2 bytes, Stack size 0 bytes, startup_ft32f072xb.o(.text))
<BR><BR>[Calls]<UL><LI><a href="#[4]">&gt;&gt;</a>&nbsp;&nbsp;&nbsp;PendSV_Handler
</UL>
<BR>[Called By]<UL><LI><a href="#[4]">&gt;&gt;</a>&nbsp;&nbsp;&nbsp;PendSV_Handler
</UL>
<BR>[Address Reference Count : 1]<UL><LI> startup_ft32f072xb.o(RESET)
</UL>
<P><STRONG><a name="[5]"></a>SysTick_Handler</STRONG> (Thumb, 2 bytes, Stack size 0 bytes, startup_ft32f072xb.o(.text))
<BR><BR>[Calls]<UL><LI><a href="#[5]">&gt;&gt;</a>&nbsp;&nbsp;&nbsp;SysTick_Handler
</UL>
<BR>[Called By]<UL><LI><a href="#[5]">&gt;&gt;</a>&nbsp;&nbsp;&nbsp;SysTick_Handler
</UL>
<BR>[Address Reference Count : 1]<UL><LI> startup_ft32f072xb.o(RESET)
</UL>
<P><STRONG><a name="[11]"></a>ADC1_IRQHandler</STRONG> (Thumb, 0 bytes, Stack size 0 bytes, startup_ft32f072xb.o(.text))
<BR><BR>[Calls]<UL><LI><a href="#[11]">&gt;&gt;</a>&nbsp;&nbsp;&nbsp;ADC1_IRQHandler
</UL>
<BR>[Called By]<UL><LI><a href="#[11]">&gt;&gt;</a>&nbsp;&nbsp;&nbsp;ADC1_IRQHandler
</UL>
<BR>[Address Reference Count : 1]<UL><LI> startup_ft32f072xb.o(RESET)
</UL>
<P><STRONG><a name="[20]"></a>DIV_IRQHandler</STRONG> (Thumb, 0 bytes, Stack size 0 bytes, startup_ft32f072xb.o(.text))
<BR>[Address Reference Count : 1]<UL><LI> startup_ft32f072xb.o(RESET)
</UL>
<P><STRONG><a name="[e]"></a>DMA1_Channel1_IRQHandler</STRONG> (Thumb, 0 bytes, Stack size 0 bytes, startup_ft32f072xb.o(.text))
<BR>[Address Reference Count : 1]<UL><LI> startup_ft32f072xb.o(RESET)
</UL>
<P><STRONG><a name="[f]"></a>DMA1_Channel2_3_IRQHandler</STRONG> (Thumb, 0 bytes, Stack size 0 bytes, startup_ft32f072xb.o(.text))
<BR>[Address Reference Count : 1]<UL><LI> startup_ft32f072xb.o(RESET)
</UL>
<P><STRONG><a name="[10]"></a>DMA1_Channel4_5_IRQHandler</STRONG> (Thumb, 0 bytes, Stack size 0 bytes, startup_ft32f072xb.o(.text))
<BR>[Address Reference Count : 1]<UL><LI> startup_ft32f072xb.o(RESET)
</UL>
<P><STRONG><a name="[b]"></a>EXTI0_1_IRQHandler</STRONG> (Thumb, 0 bytes, Stack size 0 bytes, startup_ft32f072xb.o(.text))
<BR>[Address Reference Count : 1]<UL><LI> startup_ft32f072xb.o(RESET)
</UL>
<P><STRONG><a name="[c]"></a>EXTI2_3_IRQHandler</STRONG> (Thumb, 0 bytes, Stack size 0 bytes, startup_ft32f072xb.o(.text))
<BR>[Address Reference Count : 1]<UL><LI> startup_ft32f072xb.o(RESET)
</UL>
<P><STRONG><a name="[d]"></a>EXTI4_15_IRQHandler</STRONG> (Thumb, 0 bytes, Stack size 0 bytes, startup_ft32f072xb.o(.text))
<BR>[Address Reference Count : 1]<UL><LI> startup_ft32f072xb.o(RESET)
</UL>
<P><STRONG><a name="[9]"></a>FLASH_IRQHandler</STRONG> (Thumb, 0 bytes, Stack size 0 bytes, startup_ft32f072xb.o(.text))
<BR>[Address Reference Count : 1]<UL><LI> startup_ft32f072xb.o(RESET)
</UL>
<P><STRONG><a name="[1a]"></a>I2C1_IRQHandler</STRONG> (Thumb, 0 bytes, Stack size 0 bytes, startup_ft32f072xb.o(.text))
<BR>[Address Reference Count : 1]<UL><LI> startup_ft32f072xb.o(RESET)
</UL>
<P><STRONG><a name="[1b]"></a>I2C2_IRQHandler</STRONG> (Thumb, 0 bytes, Stack size 0 bytes, startup_ft32f072xb.o(.text))
<BR>[Address Reference Count : 1]<UL><LI> startup_ft32f072xb.o(RESET)
</UL>
<P><STRONG><a name="[7]"></a>PVD_VDDIO_IRQHandler</STRONG> (Thumb, 0 bytes, Stack size 0 bytes, startup_ft32f072xb.o(.text))
<BR>[Address Reference Count : 1]<UL><LI> startup_ft32f072xb.o(RESET)
</UL>
<P><STRONG><a name="[a]"></a>RCC_IRQHandler</STRONG> (Thumb, 0 bytes, Stack size 0 bytes, startup_ft32f072xb.o(.text))
<BR>[Address Reference Count : 1]<UL><LI> startup_ft32f072xb.o(RESET)
</UL>
<P><STRONG><a name="[8]"></a>RTC_IRQHandler</STRONG> (Thumb, 0 bytes, Stack size 0 bytes, startup_ft32f072xb.o(.text))
<BR>[Address Reference Count : 1]<UL><LI> startup_ft32f072xb.o(RESET)
</UL>
<P><STRONG><a name="[1c]"></a>SPI1_IRQHandler</STRONG> (Thumb, 0 bytes, Stack size 0 bytes, startup_ft32f072xb.o(.text))
<BR>[Address Reference Count : 1]<UL><LI> startup_ft32f072xb.o(RESET)
</UL>
<P><STRONG><a name="[1d]"></a>SPI2_IRQHandler</STRONG> (Thumb, 0 bytes, Stack size 0 bytes, startup_ft32f072xb.o(.text))
<BR>[Address Reference Count : 1]<UL><LI> startup_ft32f072xb.o(RESET)
</UL>
<P><STRONG><a name="[16]"></a>TIM14_IRQHandler</STRONG> (Thumb, 0 bytes, Stack size 0 bytes, startup_ft32f072xb.o(.text))
<BR>[Address Reference Count : 1]<UL><LI> startup_ft32f072xb.o(RESET)
</UL>
<P><STRONG><a name="[17]"></a>TIM15_IRQHandler</STRONG> (Thumb, 0 bytes, Stack size 0 bytes, startup_ft32f072xb.o(.text))
<BR>[Address Reference Count : 1]<UL><LI> startup_ft32f072xb.o(RESET)
</UL>
<P><STRONG><a name="[18]"></a>TIM16_IRQHandler</STRONG> (Thumb, 0 bytes, Stack size 0 bytes, startup_ft32f072xb.o(.text))
<BR>[Address Reference Count : 1]<UL><LI> startup_ft32f072xb.o(RESET)
</UL>
<P><STRONG><a name="[19]"></a>TIM17_IRQHandler</STRONG> (Thumb, 0 bytes, Stack size 0 bytes, startup_ft32f072xb.o(.text))
<BR>[Address Reference Count : 1]<UL><LI> startup_ft32f072xb.o(RESET)
</UL>
<P><STRONG><a name="[12]"></a>TIM1_BRK_UP_TRG_COM_IRQHandler</STRONG> (Thumb, 0 bytes, Stack size 0 bytes, startup_ft32f072xb.o(.text))
<BR>[Address Reference Count : 1]<UL><LI> startup_ft32f072xb.o(RESET)
</UL>
<P><STRONG><a name="[13]"></a>TIM1_CC_IRQHandler</STRONG> (Thumb, 0 bytes, Stack size 0 bytes, startup_ft32f072xb.o(.text))
<BR>[Address Reference Count : 1]<UL><LI> startup_ft32f072xb.o(RESET)
</UL>
<P><STRONG><a name="[14]"></a>TIM3_IRQHandler</STRONG> (Thumb, 0 bytes, Stack size 0 bytes, startup_ft32f072xb.o(.text))
<BR>[Address Reference Count : 1]<UL><LI> startup_ft32f072xb.o(RESET)
</UL>
<P><STRONG><a name="[15]"></a>TIM6_IRQHandler</STRONG> (Thumb, 0 bytes, Stack size 0 bytes, startup_ft32f072xb.o(.text))
<BR>[Address Reference Count : 1]<UL><LI> startup_ft32f072xb.o(RESET)
</UL>
<P><STRONG><a name="[1e]"></a>USART1_IRQHandler</STRONG> (Thumb, 0 bytes, Stack size 0 bytes, startup_ft32f072xb.o(.text))
<BR>[Address Reference Count : 1]<UL><LI> startup_ft32f072xb.o(RESET)
</UL>
<P><STRONG><a name="[1f]"></a>USART2_IRQHandler</STRONG> (Thumb, 0 bytes, Stack size 0 bytes, startup_ft32f072xb.o(.text))
<BR>[Address Reference Count : 1]<UL><LI> startup_ft32f072xb.o(RESET)
</UL>
<P><STRONG><a name="[21]"></a>USB_IRQHandler</STRONG> (Thumb, 0 bytes, Stack size 0 bytes, startup_ft32f072xb.o(.text))
<BR>[Address Reference Count : 1]<UL><LI> startup_ft32f072xb.o(RESET)
</UL>
<P><STRONG><a name="[6]"></a>WWDG_IRQHandler</STRONG> (Thumb, 0 bytes, Stack size 0 bytes, startup_ft32f072xb.o(.text))
<BR>[Address Reference Count : 1]<UL><LI> startup_ft32f072xb.o(RESET)
</UL>
<P><STRONG><a name="[2b]"></a>memcmp</STRONG> (Thumb, 26 bytes, Stack size 12 bytes, memcmp.o(.text))
<BR><BR>[Stack]<UL><LI>Max Depth = 12<LI>Call Chain = memcmp
</UL>
<BR>[Called By]<UL><LI><a href="#[28]">&gt;&gt;</a>&nbsp;&nbsp;&nbsp;check_data
</UL>

<P><STRONG><a name="[26]"></a>__scatterload</STRONG> (Thumb, 28 bytes, Stack size 0 bytes, init.o(.text))
<BR><BR>[Calls]<UL><LI><a href="#[27]">&gt;&gt;</a>&nbsp;&nbsp;&nbsp;__main_after_scatterload
</UL>
<BR>[Called By]<UL><LI><a href="#[25]">&gt;&gt;</a>&nbsp;&nbsp;&nbsp;_main_scatterload
</UL>

<P><STRONG><a name="[37]"></a>__scatterload_rt2</STRONG> (Thumb, 0 bytes, Stack size 0 bytes, init.o(.text), UNUSED)

<P><STRONG><a name="[2a]"></a>AES_ECB_decrypt</STRONG> (Thumb, 868 bytes, Stack size 100 bytes, aes.o(.text.AES_ECB_decrypt))
<BR><BR>[Stack]<UL><LI>Max Depth = 100<LI>Call Chain = AES_ECB_decrypt
</UL>
<BR>[Called By]<UL><LI><a href="#[28]">&gt;&gt;</a>&nbsp;&nbsp;&nbsp;check_data
</UL>

<P><STRONG><a name="[2c]"></a>AES_ECB_encrypt</STRONG> (Thumb, 1088 bytes, Stack size 156 bytes, aes.o(.text.AES_ECB_encrypt))
<BR><BR>[Stack]<UL><LI>Max Depth = 156<LI>Call Chain = AES_ECB_encrypt
</UL>
<BR>[Called By]<UL><LI><a href="#[28]">&gt;&gt;</a>&nbsp;&nbsp;&nbsp;check_data
</UL>

<P><STRONG><a name="[29]"></a>AES_init_ctx</STRONG> (Thumb, 192 bytes, Stack size 28 bytes, aes.o(.text.AES_init_ctx))
<BR><BR>[Stack]<UL><LI>Max Depth = 28<LI>Call Chain = AES_init_ctx
</UL>
<BR>[Called By]<UL><LI><a href="#[28]">&gt;&gt;</a>&nbsp;&nbsp;&nbsp;check_data
</UL>

<P><STRONG><a name="[2e]"></a>FLASH_ErasePage</STRONG> (Thumb, 644 bytes, Stack size 16 bytes, ft32f0xx_flash.o(.text.FLASH_ErasePage))
<BR><BR>[Stack]<UL><LI>Max Depth = 16<LI>Call Chain = FLASH_ErasePage
</UL>
<BR>[Called By]<UL><LI><a href="#[28]">&gt;&gt;</a>&nbsp;&nbsp;&nbsp;check_data
</UL>

<P><STRONG><a name="[30]"></a>FLASH_Lock</STRONG> (Thumb, 12 bytes, Stack size 0 bytes, ft32f0xx_flash.o(.text.FLASH_Lock))
<BR><BR>[Called By]<UL><LI><a href="#[28]">&gt;&gt;</a>&nbsp;&nbsp;&nbsp;check_data
</UL>

<P><STRONG><a name="[2f]"></a>FLASH_ProgramWord</STRONG> (Thumb, 912 bytes, Stack size 24 bytes, ft32f0xx_flash.o(.text.FLASH_ProgramWord))
<BR><BR>[Stack]<UL><LI>Max Depth = 24<LI>Call Chain = FLASH_ProgramWord
</UL>
<BR>[Called By]<UL><LI><a href="#[28]">&gt;&gt;</a>&nbsp;&nbsp;&nbsp;check_data
</UL>

<P><STRONG><a name="[2d]"></a>FLASH_Unlock</STRONG> (Thumb, 20 bytes, Stack size 0 bytes, ft32f0xx_flash.o(.text.FLASH_Unlock))
<BR><BR>[Called By]<UL><LI><a href="#[28]">&gt;&gt;</a>&nbsp;&nbsp;&nbsp;check_data
</UL>

<P><STRONG><a name="[23]"></a>SystemInit</STRONG> (Thumb, 264 bytes, Stack size 24 bytes, system_ft32f0xx.o(.text.SystemInit))
<BR><BR>[Stack]<UL><LI>Max Depth = 24<LI>Call Chain = SystemInit
</UL>
<BR>[Address Reference Count : 1]<UL><LI> startup_ft32f072xb.o(.text)
</UL>
<P><STRONG><a name="[28]"></a>check_data</STRONG> (Thumb, 432 bytes, Stack size 256 bytes, main.o(.text.check_data))
<BR><BR>[Stack]<UL><LI>Max Depth = 412<LI>Call Chain = check_data &rArr; AES_ECB_encrypt
</UL>
<BR>[Calls]<UL><LI><a href="#[2b]">&gt;&gt;</a>&nbsp;&nbsp;&nbsp;memcmp
<LI><a href="#[30]">&gt;&gt;</a>&nbsp;&nbsp;&nbsp;FLASH_Lock
<LI><a href="#[2f]">&gt;&gt;</a>&nbsp;&nbsp;&nbsp;FLASH_ProgramWord
<LI><a href="#[2e]">&gt;&gt;</a>&nbsp;&nbsp;&nbsp;FLASH_ErasePage
<LI><a href="#[2d]">&gt;&gt;</a>&nbsp;&nbsp;&nbsp;FLASH_Unlock
<LI><a href="#[2c]">&gt;&gt;</a>&nbsp;&nbsp;&nbsp;AES_ECB_encrypt
<LI><a href="#[2a]">&gt;&gt;</a>&nbsp;&nbsp;&nbsp;AES_ECB_decrypt
<LI><a href="#[29]">&gt;&gt;</a>&nbsp;&nbsp;&nbsp;AES_init_ctx
</UL>
<BR>[Called By]<UL><LI><a href="#[22]">&gt;&gt;</a>&nbsp;&nbsp;&nbsp;main
</UL>

<P><STRONG><a name="[22]"></a>main</STRONG> (Thumb, 68 bytes, Stack size 8 bytes, main.o(.text.main))
<BR><BR>[Stack]<UL><LI>Max Depth = 420<LI>Call Chain = main &rArr; check_data &rArr; AES_ECB_encrypt
</UL>
<BR>[Calls]<UL><LI><a href="#[28]">&gt;&gt;</a>&nbsp;&nbsp;&nbsp;check_data
</UL>
<BR>[Address Reference Count : 1]<UL><LI> entry9a.o(.ARM.Collect$$$$0000000B)
</UL>
<P><STRONG><a name="[38]"></a>__scatterload_copy</STRONG> (Thumb, 14 bytes, Stack size unknown bytes, handlers.o(i.__scatterload_copy), UNUSED)

<P><STRONG><a name="[39]"></a>__scatterload_null</STRONG> (Thumb, 2 bytes, Stack size unknown bytes, handlers.o(i.__scatterload_null), UNUSED)

<P><STRONG><a name="[3a]"></a>__scatterload_zeroinit</STRONG> (Thumb, 14 bytes, Stack size unknown bytes, handlers.o(i.__scatterload_zeroinit), UNUSED)
<P>
<H3>
Local Symbols
</H3><P>
<H3>
Undefined Global Symbols
</H3><HR></body></html>
