Component: Arm Compiler for Embedded 6.18 Tool: armlink [5e4cc100]

==============================================================================

Section Cross References

    main.o(.text.check_data) refers to aes.o(.text.AES_init_ctx) for AES_init_ctx
    main.o(.text.check_data) refers to aes.o(.text.AES_ECB_decrypt) for AES_ECB_decrypt
    main.o(.text.check_data) refers to memcmp.o(.text) for memcmp
    main.o(.text.check_data) refers to aes.o(.text.AES_ECB_encrypt) for AES_ECB_encrypt
    main.o(.text.check_data) refers to ft32f0xx_flash.o(.text.FLASH_Unlock) for FLASH_Unlock
    main.o(.text.check_data) refers to ft32f0xx_flash.o(.text.FLASH_ErasePage) for FLASH_ErasePage
    main.o(.text.check_data) refers to ft32f0xx_flash.o(.text.FLASH_ProgramWord) for FLASH_ProgramWord
    main.o(.text.check_data) refers to ft32f0xx_flash.o(.text.FLASH_Lock) for FLASH_Lock
    main.o(.ARM.exidx.text.check_data) refers to main.o(.text.check_data) for [Anonymous Symbol]
    main.o(.text.main) refers to main.o(.text.check_data) for check_data
    main.o(.text.main) refers to main.o(.bss..L_MergedGlobals) for [Anonymous Symbol]
    main.o(.ARM.exidx.text.main) refers to main.o(.text.main) for [Anonymous Symbol]
    aes.o(.text.AES_init_ctx) refers to aes.o(.rodata.sbox) for [Anonymous Symbol]
    aes.o(.ARM.exidx.text.AES_init_ctx) refers to aes.o(.text.AES_init_ctx) for [Anonymous Symbol]
    aes.o(.text.AES_ECB_encrypt) refers to aes.o(.rodata.sbox) for [Anonymous Symbol]
    aes.o(.ARM.exidx.text.AES_ECB_encrypt) refers to aes.o(.text.AES_ECB_encrypt) for [Anonymous Symbol]
    aes.o(.text.AES_ECB_decrypt) refers to aes.o(.rodata.rsbox) for [Anonymous Symbol]
    aes.o(.ARM.exidx.text.AES_ECB_decrypt) refers to aes.o(.text.AES_ECB_decrypt) for [Anonymous Symbol]
    ft32f0xx_flash.o(.ARM.exidx.text.FLASH_SetLatency) refers to ft32f0xx_flash.o(.text.FLASH_SetLatency) for [Anonymous Symbol]
    ft32f0xx_flash.o(.ARM.exidx.text.FLASH_PrefetchBufferCmd) refers to ft32f0xx_flash.o(.text.FLASH_PrefetchBufferCmd) for [Anonymous Symbol]
    ft32f0xx_flash.o(.ARM.exidx.text.FLASH_GetPrefetchBufferStatus) refers to ft32f0xx_flash.o(.text.FLASH_GetPrefetchBufferStatus) for [Anonymous Symbol]
    ft32f0xx_flash.o(.ARM.exidx.text.FLASH_Unlock) refers to ft32f0xx_flash.o(.text.FLASH_Unlock) for [Anonymous Symbol]
    ft32f0xx_flash.o(.ARM.exidx.text.FLASH_Lock) refers to ft32f0xx_flash.o(.text.FLASH_Lock) for [Anonymous Symbol]
    ft32f0xx_flash.o(.ARM.exidx.text.FLASH_ErasePage) refers to ft32f0xx_flash.o(.text.FLASH_ErasePage) for [Anonymous Symbol]
    ft32f0xx_flash.o(.ARM.exidx.text.FLASH_WaitForLastOperation) refers to ft32f0xx_flash.o(.text.FLASH_WaitForLastOperation) for [Anonymous Symbol]
    ft32f0xx_flash.o(.ARM.exidx.text.FLASH_EraseAllPages) refers to ft32f0xx_flash.o(.text.FLASH_EraseAllPages) for [Anonymous Symbol]
    ft32f0xx_flash.o(.ARM.exidx.text.FLASH_ProgramWord) refers to ft32f0xx_flash.o(.text.FLASH_ProgramWord) for [Anonymous Symbol]
    ft32f0xx_flash.o(.ARM.exidx.text.FLASH_ProgramHalfWord) refers to ft32f0xx_flash.o(.text.FLASH_ProgramHalfWord) for [Anonymous Symbol]
    ft32f0xx_flash.o(.ARM.exidx.text.FLASH_OB_Unlock) refers to ft32f0xx_flash.o(.text.FLASH_OB_Unlock) for [Anonymous Symbol]
    ft32f0xx_flash.o(.ARM.exidx.text.FLASH_OB_Lock) refers to ft32f0xx_flash.o(.text.FLASH_OB_Lock) for [Anonymous Symbol]
    ft32f0xx_flash.o(.ARM.exidx.text.FLASH_OB_Launch) refers to ft32f0xx_flash.o(.text.FLASH_OB_Launch) for [Anonymous Symbol]
    ft32f0xx_flash.o(.ARM.exidx.text.FLASH_OB_Erase) refers to ft32f0xx_flash.o(.text.FLASH_OB_Erase) for [Anonymous Symbol]
    ft32f0xx_flash.o(.ARM.exidx.text.FLASH_OB_GetRDP) refers to ft32f0xx_flash.o(.text.FLASH_OB_GetRDP) for [Anonymous Symbol]
    ft32f0xx_flash.o(.ARM.exidx.text.FLASH_OB_EnableWRP) refers to ft32f0xx_flash.o(.text.FLASH_OB_EnableWRP) for [Anonymous Symbol]
    ft32f0xx_flash.o(.ARM.exidx.text.FLASH_OB_RDPConfig) refers to ft32f0xx_flash.o(.text.FLASH_OB_RDPConfig) for [Anonymous Symbol]
    ft32f0xx_flash.o(.ARM.exidx.text.FLASH_OB_UserConfig) refers to ft32f0xx_flash.o(.text.FLASH_OB_UserConfig) for [Anonymous Symbol]
    ft32f0xx_flash.o(.ARM.exidx.text.FLASH_OB_BOOTConfig) refers to ft32f0xx_flash.o(.text.FLASH_OB_BOOTConfig) for [Anonymous Symbol]
    ft32f0xx_flash.o(.ARM.exidx.text.FLASH_OB_VDDAConfig) refers to ft32f0xx_flash.o(.text.FLASH_OB_VDDAConfig) for [Anonymous Symbol]
    ft32f0xx_flash.o(.ARM.exidx.text.FLASH_OB_SRAMParityConfig) refers to ft32f0xx_flash.o(.text.FLASH_OB_SRAMParityConfig) for [Anonymous Symbol]
    ft32f0xx_flash.o(.ARM.exidx.text.FLASH_OB_WriteUser) refers to ft32f0xx_flash.o(.text.FLASH_OB_WriteUser) for [Anonymous Symbol]
    ft32f0xx_flash.o(.ARM.exidx.text.FLASH_OB_ProgramData) refers to ft32f0xx_flash.o(.text.FLASH_OB_ProgramData) for [Anonymous Symbol]
    ft32f0xx_flash.o(.ARM.exidx.text.FLASH_OB_GetUser) refers to ft32f0xx_flash.o(.text.FLASH_OB_GetUser) for [Anonymous Symbol]
    ft32f0xx_flash.o(.ARM.exidx.text.FLASH_OB_GetWRP) refers to ft32f0xx_flash.o(.text.FLASH_OB_GetWRP) for [Anonymous Symbol]
    ft32f0xx_flash.o(.ARM.exidx.text.FLASH_ITConfig) refers to ft32f0xx_flash.o(.text.FLASH_ITConfig) for [Anonymous Symbol]
    ft32f0xx_flash.o(.ARM.exidx.text.FLASH_GetFlagStatus) refers to ft32f0xx_flash.o(.text.FLASH_GetFlagStatus) for [Anonymous Symbol]
    ft32f0xx_flash.o(.ARM.exidx.text.FLASH_ClearFlag) refers to ft32f0xx_flash.o(.text.FLASH_ClearFlag) for [Anonymous Symbol]
    ft32f0xx_flash.o(.ARM.exidx.text.FLASH_GetStatus) refers to ft32f0xx_flash.o(.text.FLASH_GetStatus) for [Anonymous Symbol]
    ft32f0xx_gpio.o(.text.GPIO_DeInit) refers to ft32f0xx_rcc.o(.text.RCC_AHBPeriphResetCmd) for RCC_AHBPeriphResetCmd
    ft32f0xx_gpio.o(.ARM.exidx.text.GPIO_DeInit) refers to ft32f0xx_gpio.o(.text.GPIO_DeInit) for [Anonymous Symbol]
    ft32f0xx_gpio.o(.ARM.exidx.text.GPIO_Init) refers to ft32f0xx_gpio.o(.text.GPIO_Init) for [Anonymous Symbol]
    ft32f0xx_gpio.o(.ARM.exidx.text.GPIO_StructInit) refers to ft32f0xx_gpio.o(.text.GPIO_StructInit) for [Anonymous Symbol]
    ft32f0xx_gpio.o(.ARM.exidx.text.GPIO_PinLockConfig) refers to ft32f0xx_gpio.o(.text.GPIO_PinLockConfig) for [Anonymous Symbol]
    ft32f0xx_gpio.o(.ARM.exidx.text.GPIO_ReadInputDataBit) refers to ft32f0xx_gpio.o(.text.GPIO_ReadInputDataBit) for [Anonymous Symbol]
    ft32f0xx_gpio.o(.ARM.exidx.text.GPIO_ReadInputData) refers to ft32f0xx_gpio.o(.text.GPIO_ReadInputData) for [Anonymous Symbol]
    ft32f0xx_gpio.o(.ARM.exidx.text.GPIO_ReadOutputDataBit) refers to ft32f0xx_gpio.o(.text.GPIO_ReadOutputDataBit) for [Anonymous Symbol]
    ft32f0xx_gpio.o(.ARM.exidx.text.GPIO_ReadOutputData) refers to ft32f0xx_gpio.o(.text.GPIO_ReadOutputData) for [Anonymous Symbol]
    ft32f0xx_gpio.o(.ARM.exidx.text.GPIO_SetBits) refers to ft32f0xx_gpio.o(.text.GPIO_SetBits) for [Anonymous Symbol]
    ft32f0xx_gpio.o(.ARM.exidx.text.GPIO_ResetBits) refers to ft32f0xx_gpio.o(.text.GPIO_ResetBits) for [Anonymous Symbol]
    ft32f0xx_gpio.o(.ARM.exidx.text.GPIO_WriteBit) refers to ft32f0xx_gpio.o(.text.GPIO_WriteBit) for [Anonymous Symbol]
    ft32f0xx_gpio.o(.ARM.exidx.text.GPIO_Write) refers to ft32f0xx_gpio.o(.text.GPIO_Write) for [Anonymous Symbol]
    ft32f0xx_gpio.o(.ARM.exidx.text.GPIO_PinAFConfig) refers to ft32f0xx_gpio.o(.text.GPIO_PinAFConfig) for [Anonymous Symbol]
    ft32f0xx_gpio.o(.ARM.exidx.text.GPIO_LedmConfig) refers to ft32f0xx_gpio.o(.text.GPIO_LedmConfig) for [Anonymous Symbol]
    ft32f0xx_rcc.o(.ARM.exidx.text.RCC_DeInit) refers to ft32f0xx_rcc.o(.text.RCC_DeInit) for [Anonymous Symbol]
    ft32f0xx_rcc.o(.ARM.exidx.text.RCC_HSEConfig) refers to ft32f0xx_rcc.o(.text.RCC_HSEConfig) for [Anonymous Symbol]
    ft32f0xx_rcc.o(.ARM.exidx.text.RCC_WaitForHSEStartUp) refers to ft32f0xx_rcc.o(.text.RCC_WaitForHSEStartUp) for [Anonymous Symbol]
    ft32f0xx_rcc.o(.ARM.exidx.text.RCC_GetFlagStatus) refers to ft32f0xx_rcc.o(.text.RCC_GetFlagStatus) for [Anonymous Symbol]
    ft32f0xx_rcc.o(.ARM.exidx.text.RCC_AdjustHSICalibrationValue) refers to ft32f0xx_rcc.o(.text.RCC_AdjustHSICalibrationValue) for [Anonymous Symbol]
    ft32f0xx_rcc.o(.ARM.exidx.text.RCC_HSICmd) refers to ft32f0xx_rcc.o(.text.RCC_HSICmd) for [Anonymous Symbol]
    ft32f0xx_rcc.o(.ARM.exidx.text.RCC_AdjustHSI14CalibrationValue) refers to ft32f0xx_rcc.o(.text.RCC_AdjustHSI14CalibrationValue) for [Anonymous Symbol]
    ft32f0xx_rcc.o(.ARM.exidx.text.RCC_HSI14Cmd) refers to ft32f0xx_rcc.o(.text.RCC_HSI14Cmd) for [Anonymous Symbol]
    ft32f0xx_rcc.o(.ARM.exidx.text.RCC_HSI14ADCRequestCmd) refers to ft32f0xx_rcc.o(.text.RCC_HSI14ADCRequestCmd) for [Anonymous Symbol]
    ft32f0xx_rcc.o(.ARM.exidx.text.RCC_LSEConfig) refers to ft32f0xx_rcc.o(.text.RCC_LSEConfig) for [Anonymous Symbol]
    ft32f0xx_rcc.o(.ARM.exidx.text.RCC_LSEDriveConfig) refers to ft32f0xx_rcc.o(.text.RCC_LSEDriveConfig) for [Anonymous Symbol]
    ft32f0xx_rcc.o(.ARM.exidx.text.RCC_LSICmd) refers to ft32f0xx_rcc.o(.text.RCC_LSICmd) for [Anonymous Symbol]
    ft32f0xx_rcc.o(.ARM.exidx.text.RCC_PLLConfig) refers to ft32f0xx_rcc.o(.text.RCC_PLLConfig) for [Anonymous Symbol]
    ft32f0xx_rcc.o(.ARM.exidx.text.RCC_PLLCmd) refers to ft32f0xx_rcc.o(.text.RCC_PLLCmd) for [Anonymous Symbol]
    ft32f0xx_rcc.o(.ARM.exidx.text.RCC_HSI48Cmd) refers to ft32f0xx_rcc.o(.text.RCC_HSI48Cmd) for [Anonymous Symbol]
    ft32f0xx_rcc.o(.ARM.exidx.text.RCC_PREDIV1Config) refers to ft32f0xx_rcc.o(.text.RCC_PREDIV1Config) for [Anonymous Symbol]
    ft32f0xx_rcc.o(.ARM.exidx.text.RCC_ClockSecuritySystemCmd) refers to ft32f0xx_rcc.o(.text.RCC_ClockSecuritySystemCmd) for [Anonymous Symbol]
    ft32f0xx_rcc.o(.ARM.exidx.text.RCC_MCOConfig) refers to ft32f0xx_rcc.o(.text.RCC_MCOConfig) for [Anonymous Symbol]
    ft32f0xx_rcc.o(.ARM.exidx.text.RCC_SYSCLKConfig) refers to ft32f0xx_rcc.o(.text.RCC_SYSCLKConfig) for [Anonymous Symbol]
    ft32f0xx_rcc.o(.ARM.exidx.text.RCC_GetSYSCLKSource) refers to ft32f0xx_rcc.o(.text.RCC_GetSYSCLKSource) for [Anonymous Symbol]
    ft32f0xx_rcc.o(.ARM.exidx.text.RCC_HCLKConfig) refers to ft32f0xx_rcc.o(.text.RCC_HCLKConfig) for [Anonymous Symbol]
    ft32f0xx_rcc.o(.ARM.exidx.text.RCC_PCLKConfig) refers to ft32f0xx_rcc.o(.text.RCC_PCLKConfig) for [Anonymous Symbol]
    ft32f0xx_rcc.o(.ARM.exidx.text.RCC_ADCCLKConfig) refers to ft32f0xx_rcc.o(.text.RCC_ADCCLKConfig) for [Anonymous Symbol]
    ft32f0xx_rcc.o(.ARM.exidx.text.RCC_I2CCLKConfig) refers to ft32f0xx_rcc.o(.text.RCC_I2CCLKConfig) for [Anonymous Symbol]
    ft32f0xx_rcc.o(.ARM.exidx.text.RCC_USARTCLKConfig) refers to ft32f0xx_rcc.o(.text.RCC_USARTCLKConfig) for [Anonymous Symbol]
    ft32f0xx_rcc.o(.ARM.exidx.text.RCC_USBCLKConfig) refers to ft32f0xx_rcc.o(.text.RCC_USBCLKConfig) for [Anonymous Symbol]
    ft32f0xx_rcc.o(.text.RCC_GetClocksFreq) refers to uidiv_div0.o(.text) for __aeabi_uidiv
    ft32f0xx_rcc.o(.text.RCC_GetClocksFreq) refers to ft32f0xx_rcc.o(.rodata.APBAHBPrescTable) for [Anonymous Symbol]
    ft32f0xx_rcc.o(.ARM.exidx.text.RCC_GetClocksFreq) refers to ft32f0xx_rcc.o(.text.RCC_GetClocksFreq) for [Anonymous Symbol]
    ft32f0xx_rcc.o(.ARM.exidx.text.RCC_RTCCLKConfig) refers to ft32f0xx_rcc.o(.text.RCC_RTCCLKConfig) for [Anonymous Symbol]
    ft32f0xx_rcc.o(.ARM.exidx.text.RCC_RTCCLKCmd) refers to ft32f0xx_rcc.o(.text.RCC_RTCCLKCmd) for [Anonymous Symbol]
    ft32f0xx_rcc.o(.ARM.exidx.text.RCC_BackupResetCmd) refers to ft32f0xx_rcc.o(.text.RCC_BackupResetCmd) for [Anonymous Symbol]
    ft32f0xx_rcc.o(.ARM.exidx.text.RCC_AHBPeriphClockCmd) refers to ft32f0xx_rcc.o(.text.RCC_AHBPeriphClockCmd) for [Anonymous Symbol]
    ft32f0xx_rcc.o(.ARM.exidx.text.RCC_APB2PeriphClockCmd) refers to ft32f0xx_rcc.o(.text.RCC_APB2PeriphClockCmd) for [Anonymous Symbol]
    ft32f0xx_rcc.o(.ARM.exidx.text.RCC_APB1PeriphClockCmd) refers to ft32f0xx_rcc.o(.text.RCC_APB1PeriphClockCmd) for [Anonymous Symbol]
    ft32f0xx_rcc.o(.ARM.exidx.text.RCC_AHBPeriphResetCmd) refers to ft32f0xx_rcc.o(.text.RCC_AHBPeriphResetCmd) for [Anonymous Symbol]
    ft32f0xx_rcc.o(.ARM.exidx.text.RCC_APB2PeriphResetCmd) refers to ft32f0xx_rcc.o(.text.RCC_APB2PeriphResetCmd) for [Anonymous Symbol]
    ft32f0xx_rcc.o(.ARM.exidx.text.RCC_APB1PeriphResetCmd) refers to ft32f0xx_rcc.o(.text.RCC_APB1PeriphResetCmd) for [Anonymous Symbol]
    ft32f0xx_rcc.o(.ARM.exidx.text.RCC_ITConfig) refers to ft32f0xx_rcc.o(.text.RCC_ITConfig) for [Anonymous Symbol]
    ft32f0xx_rcc.o(.ARM.exidx.text.RCC_ClearFlag) refers to ft32f0xx_rcc.o(.text.RCC_ClearFlag) for [Anonymous Symbol]
    ft32f0xx_rcc.o(.ARM.exidx.text.RCC_GetITStatus) refers to ft32f0xx_rcc.o(.text.RCC_GetITStatus) for [Anonymous Symbol]
    ft32f0xx_rcc.o(.ARM.exidx.text.RCC_ClearITPendingBit) refers to ft32f0xx_rcc.o(.text.RCC_ClearITPendingBit) for [Anonymous Symbol]
    startup_ft32f072xb.o(RESET) refers to startup_ft32f072xb.o(STACK) for __initial_sp
    startup_ft32f072xb.o(RESET) refers to startup_ft32f072xb.o(.text) for Reset_Handler
    startup_ft32f072xb.o(.text) refers to startup_ft32f072xb.o(STACK) for __initial_sp
    startup_ft32f072xb.o(.text) refers to system_ft32f0xx.o(.text.SystemInit) for SystemInit
    startup_ft32f072xb.o(.text) refers to entry.o(.ARM.Collect$$$$00000000) for __main
    system_ft32f0xx.o(.ARM.exidx.text.SystemInit) refers to system_ft32f0xx.o(.text.SystemInit) for [Anonymous Symbol]
    system_ft32f0xx.o(.text.SystemCoreClockUpdate) refers to uidiv_div0.o(.text) for __aeabi_uidiv
    system_ft32f0xx.o(.text.SystemCoreClockUpdate) refers to system_ft32f0xx.o(.data.SystemCoreClock) for SystemCoreClock
    system_ft32f0xx.o(.text.SystemCoreClockUpdate) refers to system_ft32f0xx.o(.rodata.AHBPrescTable) for AHBPrescTable
    system_ft32f0xx.o(.ARM.exidx.text.SystemCoreClockUpdate) refers to system_ft32f0xx.o(.text.SystemCoreClockUpdate) for [Anonymous Symbol]
    entry.o(.ARM.Collect$$$$00000000) refers (Special) to entry10a.o(.ARM.Collect$$$$0000000D) for __rt_final_cpp
    entry.o(.ARM.Collect$$$$00000000) refers (Special) to entry11a.o(.ARM.Collect$$$$0000000F) for __rt_final_exit
    entry.o(.ARM.Collect$$$$00000000) refers (Special) to entry7b.o(.ARM.Collect$$$$00000008) for _main_clock
    entry.o(.ARM.Collect$$$$00000000) refers (Special) to entry8b.o(.ARM.Collect$$$$0000000A) for _main_cpp_init
    entry.o(.ARM.Collect$$$$00000000) refers (Special) to entry9a.o(.ARM.Collect$$$$0000000B) for _main_init
    entry.o(.ARM.Collect$$$$00000000) refers (Special) to entry5.o(.ARM.Collect$$$$00000004) for _main_scatterload
    entry.o(.ARM.Collect$$$$00000000) refers (Special) to entry2.o(.ARM.Collect$$$$00000001) for _main_stk
    entry2.o(.ARM.Collect$$$$00000001) refers to entry2.o(.ARM.Collect$$$$00002712) for __lit__00000000
    entry2.o(.ARM.Collect$$$$00002712) refers to startup_ft32f072xb.o(STACK) for __initial_sp
    entry2.o(__vectab_stack_and_reset_area) refers to startup_ft32f072xb.o(STACK) for __initial_sp
    entry2.o(__vectab_stack_and_reset_area) refers to entry.o(.ARM.Collect$$$$00000000) for __main
    entry5.o(.ARM.Collect$$$$00000004) refers to init.o(.text) for __scatterload
    entry9a.o(.ARM.Collect$$$$0000000B) refers to main.o(.text.main) for main
    entry9b.o(.ARM.Collect$$$$0000000C) refers to main.o(.text.main) for main
    idiv_div0.o(.text) refers to uidiv_div0.o(.text) for __aeabi_uidivmod
    init.o(.text) refers to entry5.o(.ARM.Collect$$$$00000004) for __main_after_scatterload


==============================================================================

Removing Unused input sections from the image.

    Removing main.o(.text), (0 bytes).
    Removing main.o(.ARM.exidx.text.check_data), (8 bytes).
    Removing main.o(.ARM.exidx.text.main), (8 bytes).
    Removing main.o(.rodata.cst16), (16 bytes).
    Removing main.o(.ARM.use_no_argv), (4 bytes).
    Removing aes.o(.text), (0 bytes).
    Removing aes.o(.ARM.exidx.text.AES_init_ctx), (8 bytes).
    Removing aes.o(.ARM.exidx.text.AES_ECB_encrypt), (8 bytes).
    Removing aes.o(.ARM.exidx.text.AES_ECB_decrypt), (8 bytes).
    Removing ft32f0xx_flash.o(.text), (0 bytes).
    Removing ft32f0xx_flash.o(.text.FLASH_SetLatency), (20 bytes).
    Removing ft32f0xx_flash.o(.ARM.exidx.text.FLASH_SetLatency), (8 bytes).
    Removing ft32f0xx_flash.o(.text.FLASH_PrefetchBufferCmd), (24 bytes).
    Removing ft32f0xx_flash.o(.ARM.exidx.text.FLASH_PrefetchBufferCmd), (8 bytes).
    Removing ft32f0xx_flash.o(.text.FLASH_GetPrefetchBufferStatus), (16 bytes).
    Removing ft32f0xx_flash.o(.ARM.exidx.text.FLASH_GetPrefetchBufferStatus), (8 bytes).
    Removing ft32f0xx_flash.o(.ARM.exidx.text.FLASH_Unlock), (8 bytes).
    Removing ft32f0xx_flash.o(.ARM.exidx.text.FLASH_Lock), (8 bytes).
    Removing ft32f0xx_flash.o(.ARM.exidx.text.FLASH_ErasePage), (8 bytes).
    Removing ft32f0xx_flash.o(.text.FLASH_WaitForLastOperation), (172 bytes).
    Removing ft32f0xx_flash.o(.ARM.exidx.text.FLASH_WaitForLastOperation), (8 bytes).
    Removing ft32f0xx_flash.o(.text.FLASH_EraseAllPages), (644 bytes).
    Removing ft32f0xx_flash.o(.ARM.exidx.text.FLASH_EraseAllPages), (8 bytes).
    Removing ft32f0xx_flash.o(.ARM.exidx.text.FLASH_ProgramWord), (8 bytes).
    Removing ft32f0xx_flash.o(.text.FLASH_ProgramHalfWord), (632 bytes).
    Removing ft32f0xx_flash.o(.ARM.exidx.text.FLASH_ProgramHalfWord), (8 bytes).
    Removing ft32f0xx_flash.o(.text.FLASH_OB_Unlock), (32 bytes).
    Removing ft32f0xx_flash.o(.ARM.exidx.text.FLASH_OB_Unlock), (8 bytes).
    Removing ft32f0xx_flash.o(.text.FLASH_OB_Lock), (20 bytes).
    Removing ft32f0xx_flash.o(.ARM.exidx.text.FLASH_OB_Lock), (8 bytes).
    Removing ft32f0xx_flash.o(.text.FLASH_OB_Launch), (20 bytes).
    Removing ft32f0xx_flash.o(.ARM.exidx.text.FLASH_OB_Launch), (8 bytes).
    Removing ft32f0xx_flash.o(.text.FLASH_OB_Erase), (988 bytes).
    Removing ft32f0xx_flash.o(.ARM.exidx.text.FLASH_OB_Erase), (8 bytes).
    Removing ft32f0xx_flash.o(.text.FLASH_OB_GetRDP), (20 bytes).
    Removing ft32f0xx_flash.o(.ARM.exidx.text.FLASH_OB_GetRDP), (8 bytes).
    Removing ft32f0xx_flash.o(.text.FLASH_OB_EnableWRP), (1678 bytes).
    Removing ft32f0xx_flash.o(.ARM.exidx.text.FLASH_OB_EnableWRP), (8 bytes).
    Removing ft32f0xx_flash.o(.text.FLASH_OB_RDPConfig), (940 bytes).
    Removing ft32f0xx_flash.o(.ARM.exidx.text.FLASH_OB_RDPConfig), (8 bytes).
    Removing ft32f0xx_flash.o(.text.FLASH_OB_UserConfig), (660 bytes).
    Removing ft32f0xx_flash.o(.ARM.exidx.text.FLASH_OB_UserConfig), (8 bytes).
    Removing ft32f0xx_flash.o(.text.FLASH_OB_BOOTConfig), (652 bytes).
    Removing ft32f0xx_flash.o(.ARM.exidx.text.FLASH_OB_BOOTConfig), (8 bytes).
    Removing ft32f0xx_flash.o(.text.FLASH_OB_VDDAConfig), (652 bytes).
    Removing ft32f0xx_flash.o(.ARM.exidx.text.FLASH_OB_VDDAConfig), (8 bytes).
    Removing ft32f0xx_flash.o(.text.FLASH_OB_SRAMParityConfig), (652 bytes).
    Removing ft32f0xx_flash.o(.ARM.exidx.text.FLASH_OB_SRAMParityConfig), (8 bytes).
    Removing ft32f0xx_flash.o(.text.FLASH_OB_WriteUser), (656 bytes).
    Removing ft32f0xx_flash.o(.ARM.exidx.text.FLASH_OB_WriteUser), (8 bytes).
    Removing ft32f0xx_flash.o(.text.FLASH_OB_ProgramData), (644 bytes).
    Removing ft32f0xx_flash.o(.ARM.exidx.text.FLASH_OB_ProgramData), (8 bytes).
    Removing ft32f0xx_flash.o(.text.FLASH_OB_GetUser), (16 bytes).
    Removing ft32f0xx_flash.o(.ARM.exidx.text.FLASH_OB_GetUser), (8 bytes).
    Removing ft32f0xx_flash.o(.text.FLASH_OB_GetWRP), (12 bytes).
    Removing ft32f0xx_flash.o(.ARM.exidx.text.FLASH_OB_GetWRP), (8 bytes).
    Removing ft32f0xx_flash.o(.text.FLASH_ITConfig), (28 bytes).
    Removing ft32f0xx_flash.o(.ARM.exidx.text.FLASH_ITConfig), (8 bytes).
    Removing ft32f0xx_flash.o(.text.FLASH_GetFlagStatus), (16 bytes).
    Removing ft32f0xx_flash.o(.ARM.exidx.text.FLASH_GetFlagStatus), (8 bytes).
    Removing ft32f0xx_flash.o(.text.FLASH_ClearFlag), (12 bytes).
    Removing ft32f0xx_flash.o(.ARM.exidx.text.FLASH_ClearFlag), (8 bytes).
    Removing ft32f0xx_flash.o(.text.FLASH_GetStatus), (40 bytes).
    Removing ft32f0xx_flash.o(.ARM.exidx.text.FLASH_GetStatus), (8 bytes).
    Removing ft32f0xx_gpio.o(.text), (0 bytes).
    Removing ft32f0xx_gpio.o(.text.GPIO_DeInit), (76 bytes).
    Removing ft32f0xx_gpio.o(.ARM.exidx.text.GPIO_DeInit), (8 bytes).
    Removing ft32f0xx_gpio.o(.text.GPIO_Init), (250 bytes).
    Removing ft32f0xx_gpio.o(.ARM.exidx.text.GPIO_Init), (8 bytes).
    Removing ft32f0xx_gpio.o(.text.GPIO_StructInit), (16 bytes).
    Removing ft32f0xx_gpio.o(.ARM.exidx.text.GPIO_StructInit), (8 bytes).
    Removing ft32f0xx_gpio.o(.text.GPIO_PinLockConfig), (36 bytes).
    Removing ft32f0xx_gpio.o(.ARM.exidx.text.GPIO_PinLockConfig), (8 bytes).
    Removing ft32f0xx_gpio.o(.text.GPIO_ReadInputDataBit), (10 bytes).
    Removing ft32f0xx_gpio.o(.ARM.exidx.text.GPIO_ReadInputDataBit), (8 bytes).
    Removing ft32f0xx_gpio.o(.text.GPIO_ReadInputData), (4 bytes).
    Removing ft32f0xx_gpio.o(.ARM.exidx.text.GPIO_ReadInputData), (8 bytes).
    Removing ft32f0xx_gpio.o(.text.GPIO_ReadOutputDataBit), (10 bytes).
    Removing ft32f0xx_gpio.o(.ARM.exidx.text.GPIO_ReadOutputDataBit), (8 bytes).
    Removing ft32f0xx_gpio.o(.text.GPIO_ReadOutputData), (4 bytes).
    Removing ft32f0xx_gpio.o(.ARM.exidx.text.GPIO_ReadOutputData), (8 bytes).
    Removing ft32f0xx_gpio.o(.text.GPIO_SetBits), (4 bytes).
    Removing ft32f0xx_gpio.o(.ARM.exidx.text.GPIO_SetBits), (8 bytes).
    Removing ft32f0xx_gpio.o(.text.GPIO_ResetBits), (4 bytes).
    Removing ft32f0xx_gpio.o(.ARM.exidx.text.GPIO_ResetBits), (8 bytes).
    Removing ft32f0xx_gpio.o(.text.GPIO_WriteBit), (12 bytes).
    Removing ft32f0xx_gpio.o(.ARM.exidx.text.GPIO_WriteBit), (8 bytes).
    Removing ft32f0xx_gpio.o(.text.GPIO_Write), (4 bytes).
    Removing ft32f0xx_gpio.o(.ARM.exidx.text.GPIO_Write), (8 bytes).
    Removing ft32f0xx_gpio.o(.text.GPIO_PinAFConfig), (32 bytes).
    Removing ft32f0xx_gpio.o(.ARM.exidx.text.GPIO_PinAFConfig), (8 bytes).
    Removing ft32f0xx_gpio.o(.text.GPIO_LedmConfig), (8 bytes).
    Removing ft32f0xx_gpio.o(.ARM.exidx.text.GPIO_LedmConfig), (8 bytes).
    Removing ft32f0xx_rcc.o(.text), (0 bytes).
    Removing ft32f0xx_rcc.o(.text.RCC_DeInit), (88 bytes).
    Removing ft32f0xx_rcc.o(.ARM.exidx.text.RCC_DeInit), (8 bytes).
    Removing ft32f0xx_rcc.o(.text.RCC_HSEConfig), (16 bytes).
    Removing ft32f0xx_rcc.o(.ARM.exidx.text.RCC_HSEConfig), (8 bytes).
    Removing ft32f0xx_rcc.o(.text.RCC_WaitForHSEStartUp), (104 bytes).
    Removing ft32f0xx_rcc.o(.ARM.exidx.text.RCC_WaitForHSEStartUp), (8 bytes).
    Removing ft32f0xx_rcc.o(.text.RCC_GetFlagStatus), (44 bytes).
    Removing ft32f0xx_rcc.o(.ARM.exidx.text.RCC_GetFlagStatus), (8 bytes).
    Removing ft32f0xx_rcc.o(.text.RCC_AdjustHSICalibrationValue), (20 bytes).
    Removing ft32f0xx_rcc.o(.ARM.exidx.text.RCC_AdjustHSICalibrationValue), (8 bytes).
    Removing ft32f0xx_rcc.o(.text.RCC_HSICmd), (24 bytes).
    Removing ft32f0xx_rcc.o(.ARM.exidx.text.RCC_HSICmd), (8 bytes).
    Removing ft32f0xx_rcc.o(.text.RCC_AdjustHSI14CalibrationValue), (20 bytes).
    Removing ft32f0xx_rcc.o(.ARM.exidx.text.RCC_AdjustHSI14CalibrationValue), (8 bytes).
    Removing ft32f0xx_rcc.o(.text.RCC_HSI14Cmd), (24 bytes).
    Removing ft32f0xx_rcc.o(.ARM.exidx.text.RCC_HSI14Cmd), (8 bytes).
    Removing ft32f0xx_rcc.o(.text.RCC_HSI14ADCRequestCmd), (24 bytes).
    Removing ft32f0xx_rcc.o(.ARM.exidx.text.RCC_HSI14ADCRequestCmd), (8 bytes).
    Removing ft32f0xx_rcc.o(.text.RCC_LSEConfig), (32 bytes).
    Removing ft32f0xx_rcc.o(.ARM.exidx.text.RCC_LSEConfig), (8 bytes).
    Removing ft32f0xx_rcc.o(.text.RCC_LSEDriveConfig), (24 bytes).
    Removing ft32f0xx_rcc.o(.ARM.exidx.text.RCC_LSEDriveConfig), (8 bytes).
    Removing ft32f0xx_rcc.o(.text.RCC_LSICmd), (24 bytes).
    Removing ft32f0xx_rcc.o(.ARM.exidx.text.RCC_LSICmd), (8 bytes).
    Removing ft32f0xx_rcc.o(.text.RCC_PLLConfig), (28 bytes).
    Removing ft32f0xx_rcc.o(.ARM.exidx.text.RCC_PLLConfig), (8 bytes).
    Removing ft32f0xx_rcc.o(.text.RCC_PLLCmd), (28 bytes).
    Removing ft32f0xx_rcc.o(.ARM.exidx.text.RCC_PLLCmd), (8 bytes).
    Removing ft32f0xx_rcc.o(.text.RCC_HSI48Cmd), (28 bytes).
    Removing ft32f0xx_rcc.o(.ARM.exidx.text.RCC_HSI48Cmd), (8 bytes).
    Removing ft32f0xx_rcc.o(.text.RCC_PREDIV1Config), (20 bytes).
    Removing ft32f0xx_rcc.o(.ARM.exidx.text.RCC_PREDIV1Config), (8 bytes).
    Removing ft32f0xx_rcc.o(.text.RCC_ClockSecuritySystemCmd), (28 bytes).
    Removing ft32f0xx_rcc.o(.ARM.exidx.text.RCC_ClockSecuritySystemCmd), (8 bytes).
    Removing ft32f0xx_rcc.o(.text.RCC_MCOConfig), (28 bytes).
    Removing ft32f0xx_rcc.o(.ARM.exidx.text.RCC_MCOConfig), (8 bytes).
    Removing ft32f0xx_rcc.o(.text.RCC_SYSCLKConfig), (20 bytes).
    Removing ft32f0xx_rcc.o(.ARM.exidx.text.RCC_SYSCLKConfig), (8 bytes).
    Removing ft32f0xx_rcc.o(.text.RCC_GetSYSCLKSource), (16 bytes).
    Removing ft32f0xx_rcc.o(.ARM.exidx.text.RCC_GetSYSCLKSource), (8 bytes).
    Removing ft32f0xx_rcc.o(.text.RCC_HCLKConfig), (20 bytes).
    Removing ft32f0xx_rcc.o(.ARM.exidx.text.RCC_HCLKConfig), (8 bytes).
    Removing ft32f0xx_rcc.o(.text.RCC_PCLKConfig), (20 bytes).
    Removing ft32f0xx_rcc.o(.ARM.exidx.text.RCC_PCLKConfig), (8 bytes).
    Removing ft32f0xx_rcc.o(.text.RCC_ADCCLKConfig), (44 bytes).
    Removing ft32f0xx_rcc.o(.ARM.exidx.text.RCC_ADCCLKConfig), (8 bytes).
    Removing ft32f0xx_rcc.o(.text.RCC_I2CCLKConfig), (24 bytes).
    Removing ft32f0xx_rcc.o(.ARM.exidx.text.RCC_I2CCLKConfig), (8 bytes).
    Removing ft32f0xx_rcc.o(.text.RCC_USARTCLKConfig), (28 bytes).
    Removing ft32f0xx_rcc.o(.ARM.exidx.text.RCC_USARTCLKConfig), (8 bytes).
    Removing ft32f0xx_rcc.o(.text.RCC_USBCLKConfig), (24 bytes).
    Removing ft32f0xx_rcc.o(.ARM.exidx.text.RCC_USBCLKConfig), (8 bytes).
    Removing ft32f0xx_rcc.o(.text.RCC_GetClocksFreq), (252 bytes).
    Removing ft32f0xx_rcc.o(.ARM.exidx.text.RCC_GetClocksFreq), (8 bytes).
    Removing ft32f0xx_rcc.o(.text.RCC_RTCCLKConfig), (16 bytes).
    Removing ft32f0xx_rcc.o(.ARM.exidx.text.RCC_RTCCLKConfig), (8 bytes).
    Removing ft32f0xx_rcc.o(.text.RCC_RTCCLKCmd), (28 bytes).
    Removing ft32f0xx_rcc.o(.ARM.exidx.text.RCC_RTCCLKCmd), (8 bytes).
    Removing ft32f0xx_rcc.o(.text.RCC_BackupResetCmd), (28 bytes).
    Removing ft32f0xx_rcc.o(.ARM.exidx.text.RCC_BackupResetCmd), (8 bytes).
    Removing ft32f0xx_rcc.o(.text.RCC_AHBPeriphClockCmd), (28 bytes).
    Removing ft32f0xx_rcc.o(.ARM.exidx.text.RCC_AHBPeriphClockCmd), (8 bytes).
    Removing ft32f0xx_rcc.o(.text.RCC_APB2PeriphClockCmd), (28 bytes).
    Removing ft32f0xx_rcc.o(.ARM.exidx.text.RCC_APB2PeriphClockCmd), (8 bytes).
    Removing ft32f0xx_rcc.o(.text.RCC_APB1PeriphClockCmd), (28 bytes).
    Removing ft32f0xx_rcc.o(.ARM.exidx.text.RCC_APB1PeriphClockCmd), (8 bytes).
    Removing ft32f0xx_rcc.o(.text.RCC_AHBPeriphResetCmd), (28 bytes).
    Removing ft32f0xx_rcc.o(.ARM.exidx.text.RCC_AHBPeriphResetCmd), (8 bytes).
    Removing ft32f0xx_rcc.o(.text.RCC_APB2PeriphResetCmd), (28 bytes).
    Removing ft32f0xx_rcc.o(.ARM.exidx.text.RCC_APB2PeriphResetCmd), (8 bytes).
    Removing ft32f0xx_rcc.o(.text.RCC_APB1PeriphResetCmd), (28 bytes).
    Removing ft32f0xx_rcc.o(.ARM.exidx.text.RCC_APB1PeriphResetCmd), (8 bytes).
    Removing ft32f0xx_rcc.o(.text.RCC_ITConfig), (28 bytes).
    Removing ft32f0xx_rcc.o(.ARM.exidx.text.RCC_ITConfig), (8 bytes).
    Removing ft32f0xx_rcc.o(.text.RCC_ClearFlag), (20 bytes).
    Removing ft32f0xx_rcc.o(.ARM.exidx.text.RCC_ClearFlag), (8 bytes).
    Removing ft32f0xx_rcc.o(.text.RCC_GetITStatus), (16 bytes).
    Removing ft32f0xx_rcc.o(.ARM.exidx.text.RCC_GetITStatus), (8 bytes).
    Removing ft32f0xx_rcc.o(.text.RCC_ClearITPendingBit), (12 bytes).
    Removing ft32f0xx_rcc.o(.ARM.exidx.text.RCC_ClearITPendingBit), (8 bytes).
    Removing ft32f0xx_rcc.o(.rodata.APBAHBPrescTable), (16 bytes).
    Removing startup_ft32f072xb.o(HEAP), (512 bytes).
    Removing system_ft32f0xx.o(.text), (0 bytes).
    Removing system_ft32f0xx.o(.ARM.exidx.text.SystemInit), (8 bytes).
    Removing system_ft32f0xx.o(.text.SystemCoreClockUpdate), (96 bytes).
    Removing system_ft32f0xx.o(.ARM.exidx.text.SystemCoreClockUpdate), (8 bytes).
    Removing system_ft32f0xx.o(.data.SystemCoreClock), (4 bytes).
    Removing system_ft32f0xx.o(.rodata.AHBPrescTable), (16 bytes).

182 unused section(s) (total 12468 bytes) removed from the image.

==============================================================================

Image Symbol Table

    Local Symbols

    Symbol Name                              Value     Ov Type        Size  Object(Section)

    ../clib/division.s                       0x00000000   Number         0  aeabi_sdivfast.o ABSOLUTE
    ../clib/division.s                       0x00000000   Number         0  aeabi_sdivfast_div0.o ABSOLUTE
    ../clib/microlib/division.c              0x00000000   Number         0  uidiv.o ABSOLUTE
    ../clib/microlib/division.c              0x00000000   Number         0  uidiv_div0.o ABSOLUTE
    ../clib/microlib/division.c              0x00000000   Number         0  idiv_div0.o ABSOLUTE
    ../clib/microlib/division.c              0x00000000   Number         0  idiv0.o ABSOLUTE
    ../clib/microlib/init/entry.s            0x00000000   Number         0  entry.o ABSOLUTE
    ../clib/microlib/init/entry.s            0x00000000   Number         0  entry2.o ABSOLUTE
    ../clib/microlib/init/entry.s            0x00000000   Number         0  entry5.o ABSOLUTE
    ../clib/microlib/init/entry.s            0x00000000   Number         0  entry7a.o ABSOLUTE
    ../clib/microlib/init/entry.s            0x00000000   Number         0  entry7b.o ABSOLUTE
    ../clib/microlib/init/entry.s            0x00000000   Number         0  entry8a.o ABSOLUTE
    ../clib/microlib/init/entry.s            0x00000000   Number         0  entry8b.o ABSOLUTE
    ../clib/microlib/init/entry.s            0x00000000   Number         0  entry9a.o ABSOLUTE
    ../clib/microlib/init/entry.s            0x00000000   Number         0  entry9b.o ABSOLUTE
    ../clib/microlib/init/entry.s            0x00000000   Number         0  entry10a.o ABSOLUTE
    ../clib/microlib/init/entry.s            0x00000000   Number         0  entry10b.o ABSOLUTE
    ../clib/microlib/init/entry.s            0x00000000   Number         0  entry11a.o ABSOLUTE
    ../clib/microlib/init/entry.s            0x00000000   Number         0  entry11b.o ABSOLUTE
    ../clib/microlib/string/memcmp.c         0x00000000   Number         0  memcmp.o ABSOLUTE
    RTE/Device/FT32F030CBATx/startup_ft32f072xb.s 0x00000000   Number         0  startup_ft32f072xb.o ABSOLUTE
    aes.c                                    0x00000000   Number         0  aes.o ABSOLUTE
    dc.s                                     0x00000000   Number         0  dc.o ABSOLUTE
    ft32f0xx_flash.c                         0x00000000   Number         0  ft32f0xx_flash.o ABSOLUTE
    ft32f0xx_gpio.c                          0x00000000   Number         0  ft32f0xx_gpio.o ABSOLUTE
    ft32f0xx_rcc.c                           0x00000000   Number         0  ft32f0xx_rcc.o ABSOLUTE
    handlers.s                               0x00000000   Number         0  handlers.o ABSOLUTE
    init.s                                   0x00000000   Number         0  init.o ABSOLUTE
    main.c                                   0x00000000   Number         0  main.o ABSOLUTE
    system_ft32f0xx.c                        0x00000000   Number         0  system_ft32f0xx.o ABSOLUTE
    RESET                                    0x08000000   Section      192  startup_ft32f072xb.o(RESET)
    .ARM.Collect$$$$00000000                 0x080000c0   Section        0  entry.o(.ARM.Collect$$$$00000000)
    .ARM.Collect$$$$00000001                 0x080000c0   Section        4  entry2.o(.ARM.Collect$$$$00000001)
    .ARM.Collect$$$$00000004                 0x080000c4   Section        4  entry5.o(.ARM.Collect$$$$00000004)
    .ARM.Collect$$$$00000008                 0x080000c8   Section        0  entry7b.o(.ARM.Collect$$$$00000008)
    .ARM.Collect$$$$0000000A                 0x080000c8   Section        0  entry8b.o(.ARM.Collect$$$$0000000A)
    .ARM.Collect$$$$0000000B                 0x080000c8   Section        8  entry9a.o(.ARM.Collect$$$$0000000B)
    __lit__00000000                          0x080000d0   Data           4  entry2.o(.ARM.Collect$$$$00002712)
    .ARM.Collect$$$$0000000D                 0x080000d0   Section        0  entry10a.o(.ARM.Collect$$$$0000000D)
    .ARM.Collect$$$$0000000F                 0x080000d0   Section        0  entry11a.o(.ARM.Collect$$$$0000000F)
    .ARM.Collect$$$$00002712                 0x080000d0   Section        4  entry2.o(.ARM.Collect$$$$00002712)
    .text                                    0x080000d4   Section       88  startup_ft32f072xb.o(.text)
    .text                                    0x0800012c   Section        0  memcmp.o(.text)
    .text                                    0x08000148   Section       36  init.o(.text)
    [Anonymous Symbol]                       0x0800016c   Section        0  aes.o(.text.AES_ECB_decrypt)
    __arm_cp.2_0                             0x080004d0   Number         4  aes.o(.text.AES_ECB_decrypt)
    [Anonymous Symbol]                       0x080004d4   Section        0  aes.o(.text.AES_ECB_encrypt)
    __arm_cp.1_0                             0x08000914   Number         4  aes.o(.text.AES_ECB_encrypt)
    [Anonymous Symbol]                       0x08000918   Section        0  aes.o(.text.AES_init_ctx)
    __arm_cp.0_0                             0x080009d8   Number         4  aes.o(.text.AES_init_ctx)
    Rcon                                     0x080009dc   Number         0  aes.o(.text.AES_init_ctx)
    [Anonymous Symbol]                       0x080009e8   Section        0  ft32f0xx_flash.o(.text.FLASH_ErasePage)
    __arm_cp.5_0                             0x08000c6c   Number         4  ft32f0xx_flash.o(.text.FLASH_ErasePage)
    [Anonymous Symbol]                       0x08000c70   Section        0  ft32f0xx_flash.o(.text.FLASH_Lock)
    __arm_cp.4_0                             0x08000c7c   Number         4  ft32f0xx_flash.o(.text.FLASH_Lock)
    [Anonymous Symbol]                       0x08000c80   Section        0  ft32f0xx_flash.o(.text.FLASH_ProgramWord)
    __arm_cp.8_0                             0x08001010   Number         4  ft32f0xx_flash.o(.text.FLASH_ProgramWord)
    [Anonymous Symbol]                       0x08001014   Section        0  ft32f0xx_flash.o(.text.FLASH_Unlock)
    __arm_cp.3_0                             0x08001028   Number         4  ft32f0xx_flash.o(.text.FLASH_Unlock)
    __arm_cp.3_1                             0x0800102c   Number         4  ft32f0xx_flash.o(.text.FLASH_Unlock)
    __arm_cp.3_2                             0x08001030   Number         4  ft32f0xx_flash.o(.text.FLASH_Unlock)
    [Anonymous Symbol]                       0x08001034   Section        0  system_ft32f0xx.o(.text.SystemInit)
    __arm_cp.0_0                             0x0800113c   Number         4  system_ft32f0xx.o(.text.SystemInit)
    __arm_cp.0_1                             0x08001140   Number         4  system_ft32f0xx.o(.text.SystemInit)
    __arm_cp.0_2                             0x08001144   Number         4  system_ft32f0xx.o(.text.SystemInit)
    __arm_cp.0_3                             0x08001148   Number         4  system_ft32f0xx.o(.text.SystemInit)
    [Anonymous Symbol]                       0x0800114c   Section        0  main.o(.text.check_data)
    __arm_cp.0_0                             0x080012fc   Number         4  main.o(.text.check_data)
    __arm_cp.0_1                             0x08001300   Number         4  main.o(.text.check_data)
    __arm_cp.0_2                             0x08001304   Number         4  main.o(.text.check_data)
    __arm_cp.0_3                             0x08001308   Number         4  main.o(.text.check_data)
    __arm_cp.0_4                             0x0800130c   Number         4  main.o(.text.check_data)
    __arm_cp.0_5                             0x08001310   Number         4  main.o(.text.check_data)
    [Anonymous Symbol]                       0x08001314   Section        0  main.o(.text.main)
    __arm_cp.1_0                             0x08001358   Number         4  main.o(.text.main)
    __arm_cp.1_1                             0x0800135c   Number         4  main.o(.text.main)
    __arm_cp.1_2                             0x08001360   Number         4  main.o(.text.main)
    __arm_cp.1_3                             0x08001364   Number         4  main.o(.text.main)
    __arm_cp.1_4                             0x08001368   Number         4  main.o(.text.main)
    i.__scatterload_copy                     0x0800136c   Section       14  handlers.o(i.__scatterload_copy)
    i.__scatterload_null                     0x0800137a   Section        2  handlers.o(i.__scatterload_null)
    i.__scatterload_zeroinit                 0x0800137c   Section       14  handlers.o(i.__scatterload_zeroinit)
    rsbox                                    0x0800138a   Data         256  aes.o(.rodata.rsbox)
    [Anonymous Symbol]                       0x0800138a   Section        0  aes.o(.rodata.rsbox)
    sbox                                     0x0800148a   Data         256  aes.o(.rodata.sbox)
    [Anonymous Symbol]                       0x0800148a   Section        0  aes.o(.rodata.sbox)
    [Anonymous Symbol]                       0x20000000   Section        0  main.o(.bss..L_MergedGlobals)
    STACK                                    0x20000008   Section     1024  startup_ft32f072xb.o(STACK)

    Global Symbols

    Symbol Name                              Value     Ov Type        Size  Object(Section)

    BuildAttributes$$THM_ISAv3M$S$PE$A:L22$X:L11$S22$IEEE1$IW$~IW$USESV6$~STKCKD$USESV7$~SHL$OTIME$EBA8$MICROLIB$REQ8$PRES8$EABIv2 0x00000000   Number         0  anon$$obj.o ABSOLUTE
    __cpp_initialize__aeabi_                  - Undefined Weak Reference
    __cxa_finalize                            - Undefined Weak Reference
    __decompress                              - Undefined Weak Reference
    _clock_init                               - Undefined Weak Reference
    _microlib_exit                            - Undefined Weak Reference
    __Vectors_Size                           0x000000c0   Number         0  startup_ft32f072xb.o ABSOLUTE
    __Vectors                                0x08000000   Data           4  startup_ft32f072xb.o(RESET)
    __Vectors_End                            0x080000c0   Data           0  startup_ft32f072xb.o(RESET)
    __main                                   0x080000c1   Thumb Code     0  entry.o(.ARM.Collect$$$$00000000)
    _main_stk                                0x080000c1   Thumb Code     0  entry2.o(.ARM.Collect$$$$00000001)
    _main_scatterload                        0x080000c5   Thumb Code     0  entry5.o(.ARM.Collect$$$$00000004)
    __main_after_scatterload                 0x080000c9   Thumb Code     0  entry5.o(.ARM.Collect$$$$00000004)
    _main_clock                              0x080000c9   Thumb Code     0  entry7b.o(.ARM.Collect$$$$00000008)
    _main_cpp_init                           0x080000c9   Thumb Code     0  entry8b.o(.ARM.Collect$$$$0000000A)
    _main_init                               0x080000c9   Thumb Code     0  entry9a.o(.ARM.Collect$$$$0000000B)
    __rt_final_cpp                           0x080000d1   Thumb Code     0  entry10a.o(.ARM.Collect$$$$0000000D)
    __rt_final_exit                          0x080000d1   Thumb Code     0  entry11a.o(.ARM.Collect$$$$0000000F)
    Reset_Handler                            0x080000d5   Thumb Code    38  startup_ft32f072xb.o(.text)
    NMI_Handler                              0x080000fb   Thumb Code     2  startup_ft32f072xb.o(.text)
    HardFault_Handler                        0x080000fd   Thumb Code     2  startup_ft32f072xb.o(.text)
    SVC_Handler                              0x080000ff   Thumb Code     2  startup_ft32f072xb.o(.text)
    PendSV_Handler                           0x08000101   Thumb Code     2  startup_ft32f072xb.o(.text)
    SysTick_Handler                          0x08000103   Thumb Code     2  startup_ft32f072xb.o(.text)
    ADC1_IRQHandler                          0x08000105   Thumb Code     0  startup_ft32f072xb.o(.text)
    DIV_IRQHandler                           0x08000105   Thumb Code     0  startup_ft32f072xb.o(.text)
    DMA1_Channel1_IRQHandler                 0x08000105   Thumb Code     0  startup_ft32f072xb.o(.text)
    DMA1_Channel2_3_IRQHandler               0x08000105   Thumb Code     0  startup_ft32f072xb.o(.text)
    DMA1_Channel4_5_IRQHandler               0x08000105   Thumb Code     0  startup_ft32f072xb.o(.text)
    EXTI0_1_IRQHandler                       0x08000105   Thumb Code     0  startup_ft32f072xb.o(.text)
    EXTI2_3_IRQHandler                       0x08000105   Thumb Code     0  startup_ft32f072xb.o(.text)
    EXTI4_15_IRQHandler                      0x08000105   Thumb Code     0  startup_ft32f072xb.o(.text)
    FLASH_IRQHandler                         0x08000105   Thumb Code     0  startup_ft32f072xb.o(.text)
    I2C1_IRQHandler                          0x08000105   Thumb Code     0  startup_ft32f072xb.o(.text)
    I2C2_IRQHandler                          0x08000105   Thumb Code     0  startup_ft32f072xb.o(.text)
    PVD_VDDIO_IRQHandler                     0x08000105   Thumb Code     0  startup_ft32f072xb.o(.text)
    RCC_IRQHandler                           0x08000105   Thumb Code     0  startup_ft32f072xb.o(.text)
    RTC_IRQHandler                           0x08000105   Thumb Code     0  startup_ft32f072xb.o(.text)
    SPI1_IRQHandler                          0x08000105   Thumb Code     0  startup_ft32f072xb.o(.text)
    SPI2_IRQHandler                          0x08000105   Thumb Code     0  startup_ft32f072xb.o(.text)
    TIM14_IRQHandler                         0x08000105   Thumb Code     0  startup_ft32f072xb.o(.text)
    TIM15_IRQHandler                         0x08000105   Thumb Code     0  startup_ft32f072xb.o(.text)
    TIM16_IRQHandler                         0x08000105   Thumb Code     0  startup_ft32f072xb.o(.text)
    TIM17_IRQHandler                         0x08000105   Thumb Code     0  startup_ft32f072xb.o(.text)
    TIM1_BRK_UP_TRG_COM_IRQHandler           0x08000105   Thumb Code     0  startup_ft32f072xb.o(.text)
    TIM1_CC_IRQHandler                       0x08000105   Thumb Code     0  startup_ft32f072xb.o(.text)
    TIM3_IRQHandler                          0x08000105   Thumb Code     0  startup_ft32f072xb.o(.text)
    TIM6_IRQHandler                          0x08000105   Thumb Code     0  startup_ft32f072xb.o(.text)
    USART1_IRQHandler                        0x08000105   Thumb Code     0  startup_ft32f072xb.o(.text)
    USART2_IRQHandler                        0x08000105   Thumb Code     0  startup_ft32f072xb.o(.text)
    USB_IRQHandler                           0x08000105   Thumb Code     0  startup_ft32f072xb.o(.text)
    WWDG_IRQHandler                          0x08000105   Thumb Code     0  startup_ft32f072xb.o(.text)
    memcmp                                   0x0800012d   Thumb Code    26  memcmp.o(.text)
    __scatterload                            0x08000149   Thumb Code    28  init.o(.text)
    __scatterload_rt2                        0x08000149   Thumb Code     0  init.o(.text)
    AES_ECB_decrypt                          0x0800016d   Thumb Code   868  aes.o(.text.AES_ECB_decrypt)
    AES_ECB_encrypt                          0x080004d5   Thumb Code  1088  aes.o(.text.AES_ECB_encrypt)
    AES_init_ctx                             0x08000919   Thumb Code   192  aes.o(.text.AES_init_ctx)
    FLASH_ErasePage                          0x080009e9   Thumb Code   644  ft32f0xx_flash.o(.text.FLASH_ErasePage)
    FLASH_Lock                               0x08000c71   Thumb Code    12  ft32f0xx_flash.o(.text.FLASH_Lock)
    FLASH_ProgramWord                        0x08000c81   Thumb Code   912  ft32f0xx_flash.o(.text.FLASH_ProgramWord)
    FLASH_Unlock                             0x08001015   Thumb Code    20  ft32f0xx_flash.o(.text.FLASH_Unlock)
    SystemInit                               0x08001035   Thumb Code   264  system_ft32f0xx.o(.text.SystemInit)
    check_data                               0x0800114d   Thumb Code   432  main.o(.text.check_data)
    main                                     0x08001315   Thumb Code    68  main.o(.text.main)
    __scatterload_copy                       0x0800136d   Thumb Code    14  handlers.o(i.__scatterload_copy)
    __scatterload_null                       0x0800137b   Thumb Code     2  handlers.o(i.__scatterload_null)
    __scatterload_zeroinit                   0x0800137d   Thumb Code    14  handlers.o(i.__scatterload_zeroinit)
    Region$$Table$$Base                      0x0800158c   Number         0  anon$$obj.o(Region$$Table)
    Region$$Table$$Limit                     0x0800159c   Number         0  anon$$obj.o(Region$$Table)
    JumpAddress                              0x20000000   Data           4  main.o(.bss..L_MergedGlobals)
    Jump_To_Application                      0x20000004   Data           4  main.o(.bss..L_MergedGlobals)
    __initial_sp                             0x20000408   Data           0  startup_ft32f072xb.o(STACK)



==============================================================================

Memory Map of the image

  Image Entry point : 0x080000c1

  Load Region LR_IROM1 (Base: 0x08000000, Size: 0x0000159c, Max: 0x00002000, ABSOLUTE)

    Execution Region ER_IROM1 (Exec base: 0x08000000, Load base: 0x08000000, Size: 0x0000159c, Max: 0x00002000, ABSOLUTE)

    Exec Addr    Load Addr    Size         Type   Attr      Idx    E Section Name        Object

    0x08000000   0x08000000   0x000000c0   Data   RO          225    RESET               startup_ft32f072xb.o
    0x080000c0   0x080000c0   0x00000000   Code   RO          246  * .ARM.Collect$$$$00000000  mc_p.l(entry.o)
    0x080000c0   0x080000c0   0x00000004   Code   RO          257    .ARM.Collect$$$$00000001  mc_p.l(entry2.o)
    0x080000c4   0x080000c4   0x00000004   Code   RO          260    .ARM.Collect$$$$00000004  mc_p.l(entry5.o)
    0x080000c8   0x080000c8   0x00000000   Code   RO          262    .ARM.Collect$$$$00000008  mc_p.l(entry7b.o)
    0x080000c8   0x080000c8   0x00000000   Code   RO          264    .ARM.Collect$$$$0000000A  mc_p.l(entry8b.o)
    0x080000c8   0x080000c8   0x00000008   Code   RO          265    .ARM.Collect$$$$0000000B  mc_p.l(entry9a.o)
    0x080000d0   0x080000d0   0x00000000   Code   RO          267    .ARM.Collect$$$$0000000D  mc_p.l(entry10a.o)
    0x080000d0   0x080000d0   0x00000000   Code   RO          269    .ARM.Collect$$$$0000000F  mc_p.l(entry11a.o)
    0x080000d0   0x080000d0   0x00000004   Code   RO          258    .ARM.Collect$$$$00002712  mc_p.l(entry2.o)
    0x080000d4   0x080000d4   0x00000058   Code   RO          226    .text               startup_ft32f072xb.o
    0x0800012c   0x0800012c   0x0000001a   Code   RO          255    .text               mc_p.l(memcmp.o)
    0x08000146   0x08000146   0x00000002   PAD
    0x08000148   0x08000148   0x00000024   Code   RO          281    .text               mc_p.l(init.o)
    0x0800016c   0x0800016c   0x00000368   Code   RO           21    .text.AES_ECB_decrypt  aes.o
    0x080004d4   0x080004d4   0x00000444   Code   RO           19    .text.AES_ECB_encrypt  aes.o
    0x08000918   0x08000918   0x000000d0   Code   RO           17    .text.AES_init_ctx  aes.o
    0x080009e8   0x080009e8   0x00000288   Code   RO           43    .text.FLASH_ErasePage  ft32f0xx_flash.o
    0x08000c70   0x08000c70   0x00000010   Code   RO           41    .text.FLASH_Lock    ft32f0xx_flash.o
    0x08000c80   0x08000c80   0x00000394   Code   RO           49    .text.FLASH_ProgramWord  ft32f0xx_flash.o
    0x08001014   0x08001014   0x00000020   Code   RO           39    .text.FLASH_Unlock  ft32f0xx_flash.o
    0x08001034   0x08001034   0x00000118   Code   RO          233    .text.SystemInit    system_ft32f0xx.o
    0x0800114c   0x0800114c   0x000001c8   Code   RO            2    .text.check_data    main.o
    0x08001314   0x08001314   0x00000058   Code   RO            4    .text.main          main.o
    0x0800136c   0x0800136c   0x0000000e   Code   RO          285    i.__scatterload_copy  mc_p.l(handlers.o)
    0x0800137a   0x0800137a   0x00000002   Code   RO          286    i.__scatterload_null  mc_p.l(handlers.o)
    0x0800137c   0x0800137c   0x0000000e   Code   RO          287    i.__scatterload_zeroinit  mc_p.l(handlers.o)
    0x0800138a   0x0800138a   0x00000100   Data   RO           24    .rodata.rsbox       aes.o
    0x0800148a   0x0800148a   0x00000100   Data   RO           23    .rodata.sbox        aes.o
    0x0800158a   0x0800158a   0x00000002   PAD
    0x0800158c   0x0800158c   0x00000010   Data   RO          284    Region$$Table       anon$$obj.o


    Execution Region RW_IRAM1 (Exec base: 0x20000000, Load base: 0x0800159c, Size: 0x00000408, Max: 0x00006000, ABSOLUTE)

    Exec Addr    Load Addr    Size         Type   Attr      Idx    E Section Name        Object

    0x20000000        -       0x00000008   Zero   RW            8    .bss..L_MergedGlobals  main.o
    0x20000008        -       0x00000400   Zero   RW          223    STACK               startup_ft32f072xb.o


==============================================================================

Image component sizes


      Code (inc. data)   RO Data    RW Data    ZI Data      Debug   Object Name

      2172         24        512          0          0      11812   aes.o
      1612         24          0          0          0      52665   ft32f0xx_flash.o
       544         44          0          0          8       3463   main.o
        88         38        192          0       1024        660   startup_ft32f072xb.o
       280         16          0          0          0       2488   system_ft32f0xx.o

    ----------------------------------------------------------------------
      4696        146        722          0       1032      71088   Object Totals
         0          0         16          0          0          0   (incl. Generated)
         0          0          2          0          0          0   (incl. Padding)

    ----------------------------------------------------------------------

      Code (inc. data)   RO Data    RW Data    ZI Data      Debug   Library Member Name

         0          0          0          0          0          0   entry.o
         0          0          0          0          0          0   entry10a.o
         0          0          0          0          0          0   entry11a.o
         8          4          0          0          0          0   entry2.o
         4          0          0          0          0          0   entry5.o
         0          0          0          0          0          0   entry7b.o
         0          0          0          0          0          0   entry8b.o
         8          4          0          0          0          0   entry9a.o
        30          0          0          0          0          0   handlers.o
        36          8          0          0          0         68   init.o
        26          0          0          0          0         72   memcmp.o

    ----------------------------------------------------------------------
       114         16          0          0          0        140   Library Totals
         2          0          0          0          0          0   (incl. Padding)

    ----------------------------------------------------------------------

      Code (inc. data)   RO Data    RW Data    ZI Data      Debug   Library Name

       112         16          0          0          0        140   mc_p.l

    ----------------------------------------------------------------------
       114         16          0          0          0        140   Library Totals

    ----------------------------------------------------------------------

==============================================================================


      Code (inc. data)   RO Data    RW Data    ZI Data      Debug   

      4810        162        722          0       1032      71320   Grand Totals
      4810        162        722          0       1032      71320   ELF Image Totals
      4810        162        722          0          0          0   ROM Totals

==============================================================================

    Total RO  Size (Code + RO Data)                 5532 (   5.40kB)
    Total RW  Size (RW Data + ZI Data)              1032 (   1.01kB)
    Total ROM Size (Code + RO Data + RW Data)       5532 (   5.40kB)

==============================================================================

